******************************************************************************
                  TI ARM Linker PC v18.1.3                     
******************************************************************************
>> Linked Thu Apr 18 16:12:24 2019

OUTPUT FILE NAME:   <Project_2_client.out>
ENTRY POINT SYMBOL: "_c_int00_noargs"  address: 00001175


MEMORY CONFIGURATION

         name            origin    length      used     unused   attr    fill
----------------------  --------  ---------  --------  --------  ----  --------
  FLASH                 00000000   00100000  0000173a  000fe8c6  R  X
  SRAM                  20000000   00040000  00004625  0003b9db  RW X


SEGMENT ALLOCATION MAP

run origin  load origin   length   init length attrs members
----------  ----------- ---------- ----------- ----- -------
00000000    00000000    00001740   00001740    r-x
  00000000    00000000    00000200   00000200    r-- .intvecs
  00000200    00000200    000011f2   000011f2    r-x .text
  000013f4    000013f4    00000318   00000318    r-- .const
  00001710    00001710    00000030   00000030    r-- .cinit
20000000    20000000    00004625   00000000    rw-
  20000000    20000000    00004000   00000000    rw- .stack
  20004000    20004000    000005d8   00000000    rw- .bss
  200045d8    200045d8    0000004d   00000000    rw- .data


SECTION ALLOCATION MAP

 output                                  attributes/
section   page    origin      length       input sections
--------  ----  ----------  ----------   ----------------
.intvecs   0    00000000    00000200     
                  00000000    00000200     startup_ccs.obj (.intvecs)

.text      0    00000200    000011f2     
                  00000200    00000200     driverlib.lib : sysctl.obj (.text:SysCtlClockFreqSet)
                  00000400    000001ea     uartstdio.obj (.text:UARTvprintf)
                  000005ea    00000002     startup_ccs.obj (.text:FaultISR)
                  000005ec    00000160     uartstdio.obj (.text:UARTStdioIntHandler)
                  0000074c    00000132     driverlib.lib : gpio.obj (.text:GPIOPadConfigSet)
                  0000087e    00000002     startup_ccs.obj (.text:IntDefaultHandler)
                  00000880    00000104     tasks.obj (.text:xTaskIncrementTick)
                  00000984    000000d2     portasm.obj (.text)
                  00000a56    00000002     startup_ccs.obj (.text:NmiSR)
                  00000a58    000000b4     tasks.obj (.text:vTaskSwitchContext)
                  00000b0c    000000b0     uartstdio.obj (.text:UARTStdioConfig)
                  00000bbc    000000a8     uartstdio.obj (.text:UARTwrite)
                  00000c64    0000009c     rtsv7M4_T_le_v4SPD16_eabi.lib : memcpy_t2.asm.obj (.text)
                  00000d00    00000090     main.obj (.text:main)
                  00000d90    0000008c     uartstdio.obj (.text:UARTPrimeTransmit)
                  00000e1c    00000084     spi_driver.obj (.text:ConfigureSPI2)
                  00000ea0    0000007a     rtsv7M4_T_le_v4SPD16_eabi.lib : memset_t2.asm.obj (.text)
                  00000f1a    00000068                                   : copy_decompress_lzss.c.obj (.text:decompress:lzss:__TI_decompress_lzss)
                  00000f82    00000002                                   : div0.asm.obj (.text)
                  00000f84    00000064     uart_driver.obj (.text:ConfigureUART)
                  00000fe8    00000048     driverlib.lib : gpio.obj (.text:GPIOPinConfigure)
                  00001030    00000048                   : sysctl.obj (.text:_SysCtlFrequencyGet)
                  00001078    00000044     rtsv7M4_T_le_v4SPD16_eabi.lib : autoinit.c.obj (.text:__TI_auto_init_nobinit_nopinit:__TI_auto_init_nobinit_nopinit)
                  000010bc    00000040                                   : u_divt2.asm.obj (.text)
                  000010fc    0000003c     driverlib.lib : ssi.obj (.text:SSIConfigSetExpClk)
                  00001138    0000003c     uartstdio.obj (.text:UARTFlushTx)
                  00001174    00000038     rtsv7M4_T_le_v4SPD16_eabi.lib : boot_cortex_m.c.obj (.text:_c_int00_noargs:_c_int00_noargs)
                  000011ac    00000034     driverlib.lib : sysctl.obj (.text:SysCtlPeripheralEnable)
                  000011e0    0000002c     spi_driver.obj (.text:SPIreceive)
                  0000120c    0000002c     uartstdio.obj (.text:UARTFlushRx)
                  00001238    0000002c     port.obj (.text:xPortSysTickHandler)
                  00001264    0000002a     driverlib.lib : gpio.obj (.text:GPIODirModeSet)
                  0000128e    00000002     main.obj (.text:vApplicationStackOverflowHook)
                  00001290    00000028     spi_driver.obj (.text:SPIsend)
                  000012b8    00000028     tasks.obj (.text:prvResetNextTaskUnblockTime)
                  000012e0    00000020     driverlib.lib : sysctl.obj (.text:_SysCtlMemTimingGet)
                  00001300    00000020     list.obj (.text:uxListRemove)
                  00001320    0000001a     uartstdio.obj (.text:UARTprintf)
                  0000133a    00000018     uartstdio.obj (.text:IsBufferFull)
                  00001352    00000018     list.obj (.text:vListInsertEnd)
                  0000136a    00000012     driverlib.lib : gpio.obj (.text:GPIOPinTypeSSI)
                  0000137c    00000012                   : ssi.obj (.text:SSIDataGetNonBlocking)
                  0000138e    0000000e     uartstdio.obj (.text:IsBufferEmpty)
                  0000139c    0000000e     rtsv7M4_T_le_v4SPD16_eabi.lib : copy_decompress_none.c.obj (.text:decompress:none:__TI_decompress_none)
                  000013aa    0000000c     driverlib.lib : ssi.obj (.text:SSIDataGet)
                  000013b6    0000000c     rtsv7M4_T_le_v4SPD16_eabi.lib : copy_zero_init.c.obj (.text:decompress:ZI:__TI_zero_init)
                  000013c2    0000000a     driverlib.lib : ssi.obj (.text:SSIDataPut)
                  000013cc    0000000a                   : ssi.obj (.text:SSIEnable)
                  000013d6    00000008                   : ssi.obj (.text:SSIBusy)
                  000013de    00000006     startup_ccs.obj (.text:ResetISR)
                  000013e4    00000006     driverlib.lib : uart.obj (.text:UARTClockSourceSet)
                  000013ea    00000004     rtsv7M4_T_le_v4SPD16_eabi.lib : pre_init.c.obj (.text:_system_pre_init)
                  000013ee    00000004                                   : exit.c.obj (.text:abort:abort)

.const     0    000013f4    00000318     
                  000013f4    000001b0     driverlib.lib : sysctl.obj (.const:g_pppui32XTALtoVCO)
                  000015a4    00000090                   : gpio.obj (.const:g_pui32GPIOBaseAddrs)
                  00001634    0000006c                   : sysctl.obj (.const:g_pui32Xtals)
                  000016a0    00000030                   : sysctl.obj (.const:g_sXTALtoMEMTIM)
                  000016d0    0000000c     main.obj (.const:$P$T0$1)
                  000016dc    0000000c     uartstdio.obj (.const:g_ui32UARTBase)
                  000016e8    0000000c     uartstdio.obj (.const:g_ui32UARTInt)
                  000016f4    0000000c     uartstdio.obj (.const:g_ui32UARTPeriph)
                  00001700    00000008     driverlib.lib : sysctl.obj (.const)
                  00001708    00000004     port.obj (.const)

.cinit     0    00001710    00000030     
                  00001710    0000000c     (__TI_handler_table)
                  0000171c    00000004     --HOLE-- [fill = 0]
                  00001720    00000008     (.cinit..bss.load) [load image, compression = zero_init]
                  00001728    00000008     (.cinit..data.load) [load image, compression = lzss]
                  00001730    00000010     (__TI_cinit_table)

.init_array 
*          0    00000000    00000000     UNINITIALIZED

.bss       0    20004000    000005d8     UNINITIALIZED
                  20004000    00000400     uartstdio.obj (.bss:g_pcUARTTxBuffer)
                  20004400    00000140     tasks.obj (.bss:pxReadyTasksLists)
                  20004540    00000080     uartstdio.obj (.bss:g_pcUARTRxBuffer)
                  200045c0    00000008     tasks.obj (.bss)
                  200045c8    00000008     uartstdio.obj (.bss)
                  200045d0    00000004     (.common:g_ui32SysClock)
                  200045d4    00000004     (.common:g_vulRunTimeStatsCountValue)

.data      0    200045d8    0000004d     UNINITIALIZED
                  200045d8    00000038     tasks.obj (.data)
                  20004610    00000015     uartstdio.obj (.data)

.stack     0    20000000    00004000     UNINITIALIZED
                  20000000    00000004     rtsv7M4_T_le_v4SPD16_eabi.lib : boot_cortex_m.c.obj (.stack)
                  20000004    00003ffc     --HOLE--

MODULE SUMMARY

       Module                       code   ro data   rw data
       ------                       ----   -------   -------
    .\
       startup_ccs.obj              12     512       0      
       spi_driver.obj               216    0         0      
       main.obj                     146    12        4      
       uart_driver.obj              100    0         0      
       i2c_driver.obj               0      0         4      
    +--+----------------------------+------+---------+---------+
       Total:                       474    524       8      
                                                            
    .\third_party\FreeRTOS\Source\
       tasks.obj                    480    0         384    
       list.obj                     56     0         0      
    +--+----------------------------+------+---------+---------+
       Total:                       536    0         384    
                                                            
    .\third_party\FreeRTOS\Source\portable\CCS\ARM_CM4F\
       portasm.obj                  210    0         0      
       port.obj                     44     4         0      
    +--+----------------------------+------+---------+---------+
       Total:                       254    4         0      
                                                            
    .\utils\
       uartstdio.obj                1494   36        1181   
    +--+----------------------------+------+---------+---------+
       Total:                       1494   36        1181   
                                                            
    C:/ti/TivaWare_C_Series-2.1.4.178/driverlib/ccs/Debug/driverlib.lib
       sysctl.obj                   668    596       0      
       gpio.obj                     438    144       0      
       ssi.obj                      118    0         0      
       uart.obj                     6      0         0      
    +--+----------------------------+------+---------+---------+
       Total:                       1230   740       0      
                                                            
    C:\ti\ccsv8\tools\compiler\ti-cgt-arm_18.1.3.LTS\lib\rtsv7M4_T_le_v4SPD16_eabi.lib
       memcpy_t2.asm.obj            156    0         0      
       memset_t2.asm.obj            122    0         0      
       copy_decompress_lzss.c.obj   104    0         0      
       autoinit.c.obj               68     0         0      
       u_divt2.asm.obj              64     0         0      
       boot_cortex_m.c.obj          56     0         0      
       copy_decompress_none.c.obj   14     0         0      
       copy_zero_init.c.obj         12     0         0      
       exit.c.obj                   4      0         0      
       pre_init.c.obj               4      0         0      
       div0.asm.obj                 2      0         0      
    +--+----------------------------+------+---------+---------+
       Total:                       606    0         0      
                                                            
       Stack:                       0      0         16384  
       Linker Generated:            0      44        0      
    +--+----------------------------+------+---------+---------+
       Grand Total:                 4594   1348      17957  


LINKER GENERATED COPY TABLES

__TI_cinit_table @ 00001730 records: 2, size/record: 8, table size: 16
	.bss: load addr=00001720, load size=00000008 bytes, run addr=20004000, run size=000005d8 bytes, compression=zero_init
	.data: load addr=00001728, load size=00000008 bytes, run addr=200045d8, run size=0000004d bytes, compression=lzss


LINKER GENERATED HANDLER TABLE

__TI_handler_table @ 00001710 records: 3, size/record: 4, table size: 12
	index: 0, handler: __TI_decompress_lzss
	index: 1, handler: __TI_decompress_none
	index: 2, handler: __TI_zero_init


GLOBAL SYMBOLS: SORTED ALPHABETICALLY BY Name 

address   name                          
-------   ----                          
000013ef  C$$EXIT                       
00000e1d  ConfigureSPI2                 
00000f85  ConfigureUART                 
00001265  GPIODirModeSet                
0000074d  GPIOPadConfigSet              
00000fe9  GPIOPinConfigure              
0000136b  GPIOPinTypeSSI                
000013df  ResetISR                      
000011e1  SPIreceive                    
00001291  SPIsend                       
000013d7  SSIBusy                       
000010fd  SSIConfigSetExpClk            
000013ab  SSIDataGet                    
0000137d  SSIDataGetNonBlocking         
000013c3  SSIDataPut                    
000013cd  SSIEnable                     
00000201  SysCtlClockFreqSet            
000011ad  SysCtlPeripheralEnable        
000013e5  UARTClockSourceSet            
0000120d  UARTFlushRx                   
00001139  UARTFlushTx                   
00000b0d  UARTStdioConfig               
000005ed  UARTStdioIntHandler           
00001321  UARTprintf                    
00000401  UARTvprintf                   
00000bbd  UARTwrite                     
20004000  __STACK_END                   
00004000  __STACK_SIZE                  
20004000  __STACK_TOP                   
00001730  __TI_CINIT_Base               
00001740  __TI_CINIT_Limit              
00001710  __TI_Handler_Table_Base       
0000171c  __TI_Handler_Table_Limit      
00001079  __TI_auto_init_nobinit_nopinit
00000f1b  __TI_decompress_lzss          
0000139d  __TI_decompress_none          
ffffffff  __TI_pprof_out_hndl           
ffffffff  __TI_prof_data_size           
ffffffff  __TI_prof_data_start          
00000000  __TI_static_base__            
000013b7  __TI_zero_init                
00000f83  __aeabi_idiv0                 
00000f83  __aeabi_ldiv0                 
00000ea1  __aeabi_memclr                
00000ea1  __aeabi_memclr4               
00000ea1  __aeabi_memclr8               
00000c65  __aeabi_memcpy                
00000c65  __aeabi_memcpy4               
00000c65  __aeabi_memcpy8               
00000ea3  __aeabi_memset                
00000ea3  __aeabi_memset4               
00000ea3  __aeabi_memset8               
000010bd  __aeabi_uidiv                 
000010bd  __aeabi_uidivmod              
ffffffff  __binit__                     
ffffffff  __c_args__                    
UNDEFED   __mpu_init                    
20000000  __stack                       
00001175  _c_int00_noargs               
UNDEFED   _system_post_cinit            
000013eb  _system_pre_init              
000013ef  abort                         
ffffffff  binit                         
00000000  g_pfnVectors                  
200045d0  g_ui32SysClock                
200045d4  g_vulRunTimeStatsCountValue   
00000d01  main                          
00000c65  memcpy                        
00000ea9  memset                        
200045d8  pxCurrentTCB                  
00001708  ulMaxSyscallInterruptPriority 
00000995  ulPortGetIPSR                 
00001301  uxListRemove                  
0000128f  vApplicationStackOverflowHook 
00001353  vListInsertEnd                
00000a49  vPortEnableVFP                
00000a0d  vPortSVCHandler               
00000a2d  vPortStartFirstTask           
00000a59  vTaskSwitchContext            
000009ad  xPortPendSVHandler            
00001239  xPortSysTickHandler           
00000881  xTaskIncrementTick            


GLOBAL SYMBOLS: SORTED BY Symbol Address 

address   name                          
-------   ----                          
00000000  __TI_static_base__            
00000000  g_pfnVectors                  
00000201  SysCtlClockFreqSet            
00000401  UARTvprintf                   
000005ed  UARTStdioIntHandler           
0000074d  GPIOPadConfigSet              
00000881  xTaskIncrementTick            
00000995  ulPortGetIPSR                 
000009ad  xPortPendSVHandler            
00000a0d  vPortSVCHandler               
00000a2d  vPortStartFirstTask           
00000a49  vPortEnableVFP                
00000a59  vTaskSwitchContext            
00000b0d  UARTStdioConfig               
00000bbd  UARTwrite                     
00000c65  __aeabi_memcpy                
00000c65  __aeabi_memcpy4               
00000c65  __aeabi_memcpy8               
00000c65  memcpy                        
00000d01  main                          
00000e1d  ConfigureSPI2                 
00000ea1  __aeabi_memclr                
00000ea1  __aeabi_memclr4               
00000ea1  __aeabi_memclr8               
00000ea3  __aeabi_memset                
00000ea3  __aeabi_memset4               
00000ea3  __aeabi_memset8               
00000ea9  memset                        
00000f1b  __TI_decompress_lzss          
00000f83  __aeabi_idiv0                 
00000f83  __aeabi_ldiv0                 
00000f85  ConfigureUART                 
00000fe9  GPIOPinConfigure              
00001079  __TI_auto_init_nobinit_nopinit
000010bd  __aeabi_uidiv                 
000010bd  __aeabi_uidivmod              
000010fd  SSIConfigSetExpClk            
00001139  UARTFlushTx                   
00001175  _c_int00_noargs               
000011ad  SysCtlPeripheralEnable        
000011e1  SPIreceive                    
0000120d  UARTFlushRx                   
00001239  xPortSysTickHandler           
00001265  GPIODirModeSet                
0000128f  vApplicationStackOverflowHook 
00001291  SPIsend                       
00001301  uxListRemove                  
00001321  UARTprintf                    
00001353  vListInsertEnd                
0000136b  GPIOPinTypeSSI                
0000137d  SSIDataGetNonBlocking         
0000139d  __TI_decompress_none          
000013ab  SSIDataGet                    
000013b7  __TI_zero_init                
000013c3  SSIDataPut                    
000013cd  SSIEnable                     
000013d7  SSIBusy                       
000013df  ResetISR                      
000013e5  UARTClockSourceSet            
000013eb  _system_pre_init              
000013ef  C$$EXIT                       
000013ef  abort                         
00001708  ulMaxSyscallInterruptPriority 
00001710  __TI_Handler_Table_Base       
0000171c  __TI_Handler_Table_Limit      
00001730  __TI_CINIT_Base               
00001740  __TI_CINIT_Limit              
00004000  __STACK_SIZE                  
20000000  __stack                       
20004000  __STACK_END                   
20004000  __STACK_TOP                   
200045d0  g_ui32SysClock                
200045d4  g_vulRunTimeStatsCountValue   
200045d8  pxCurrentTCB                  
ffffffff  __TI_pprof_out_hndl           
ffffffff  __TI_prof_data_size           
ffffffff  __TI_prof_data_start          
ffffffff  __binit__                     
ffffffff  __c_args__                    
ffffffff  binit                         
UNDEFED   __mpu_init                    
UNDEFED   _system_post_cinit            

[82 symbols]
