******************************************************************************
                  TI ARM Linker PC v18.1.3                     
******************************************************************************
>> Linked Wed Apr 17 17:56:03 2019

OUTPUT FILE NAME:   <Project_2_client.out>
ENTRY POINT SYMBOL: "_c_int00_noargs"  address: 00000da5


MEMORY CONFIGURATION

         name            origin    length      used     unused   attr    fill
----------------------  --------  ---------  --------  --------  ----  --------
  FLASH                 00000000   00100000  00001188  000fee78  R  X
  SRAM                  20000000   00040000  00004625  0003b9db  RW X


SEGMENT ALLOCATION MAP

run origin  load origin   length   init length attrs members
----------  ----------- ---------- ----------- ----- -------
00000000    00000000    00001188   00001188    r-x
  00000000    00000000    00000200   00000200    r-- .intvecs
  00000200    00000200    00000cf4   00000cf4    r-x .text
  00000ef4    00000ef4    00000264   00000264    r-- .const
  00001158    00001158    00000030   00000030    r-- .cinit
20000000    20000000    00004625   00000000    rw-
  20000000    20000000    00004000   00000000    rw- .stack
  20004000    20004000    000005d8   00000000    rw- .bss
  200045d8    200045d8    0000004d   00000000    rw- .data


SECTION ALLOCATION MAP

 output                                  attributes/
section   page    origin      length       input sections
--------  ----  ----------  ----------   ----------------
.intvecs   0    00000000    00000200     
                  00000000    00000200     startup_ccs.obj (.intvecs)

.text      0    00000200    00000cf4     
                  00000200    00000200     driverlib.lib : sysctl.obj (.text:SysCtlClockFreqSet)
                  00000400    000001ea     uartstdio.obj (.text:UARTvprintf)
                  000005ea    00000002     startup_ccs.obj (.text:FaultISR)
                  000005ec    00000160     uartstdio.obj (.text:UARTStdioIntHandler)
                  0000074c    00000104     tasks.obj (.text:xTaskIncrementTick)
                  00000850    000000d2     portasm.obj (.text)
                  00000922    00000002     startup_ccs.obj (.text:IntDefaultHandler)
                  00000924    000000b4     tasks.obj (.text:vTaskSwitchContext)
                  000009d8    000000a8     uartstdio.obj (.text:UARTwrite)
                  00000a80    0000009c     rtsv7M4_T_le_v4SPD16_eabi.lib : memcpy_t2.asm.obj (.text)
                  00000b1c    0000008c     uartstdio.obj (.text:UARTPrimeTransmit)
                  00000ba8    0000007a     rtsv7M4_T_le_v4SPD16_eabi.lib : memset_t2.asm.obj (.text)
                  00000c22    00000068                                   : copy_decompress_lzss.c.obj (.text:decompress:lzss:__TI_decompress_lzss)
                  00000c8a    00000002     startup_ccs.obj (.text:NmiSR)
                  00000c8c    0000004c     main.obj (.text:main)
                  00000cd8    00000048     driverlib.lib : sysctl.obj (.text:_SysCtlFrequencyGet)
                  00000d20    00000044     rtsv7M4_T_le_v4SPD16_eabi.lib : autoinit.c.obj (.text:__TI_auto_init_nobinit_nopinit:__TI_auto_init_nobinit_nopinit)
                  00000d64    00000040                                   : u_divt2.asm.obj (.text)
                  00000da4    00000038                                   : boot_cortex_m.c.obj (.text:_c_int00_noargs:_c_int00_noargs)
                  00000ddc    0000002c     port.obj (.text:xPortSysTickHandler)
                  00000e08    00000028     tasks.obj (.text:prvResetNextTaskUnblockTime)
                  00000e30    00000020     driverlib.lib : sysctl.obj (.text:_SysCtlMemTimingGet)
                  00000e50    00000020     list.obj (.text:uxListRemove)
                  00000e70    0000001a     uartstdio.obj (.text:UARTprintf)
                  00000e8a    00000018     uartstdio.obj (.text:IsBufferFull)
                  00000ea2    00000018     list.obj (.text:vListInsertEnd)
                  00000eba    0000000e     uartstdio.obj (.text:IsBufferEmpty)
                  00000ec8    0000000e     rtsv7M4_T_le_v4SPD16_eabi.lib : copy_decompress_none.c.obj (.text:decompress:none:__TI_decompress_none)
                  00000ed6    0000000c                                   : copy_zero_init.c.obj (.text:decompress:ZI:__TI_zero_init)
                  00000ee2    00000006     startup_ccs.obj (.text:ResetISR)
                  00000ee8    00000004     rtsv7M4_T_le_v4SPD16_eabi.lib : pre_init.c.obj (.text:_system_pre_init)
                  00000eec    00000004                                   : exit.c.obj (.text:abort:abort)
                  00000ef0    00000002                                   : div0.asm.obj (.text)
                  00000ef2    00000002     main.obj (.text:vApplicationStackOverflowHook)

.const     0    00000ef4    00000264     
                  00000ef4    000001b0     driverlib.lib : sysctl.obj (.const:g_pppui32XTALtoVCO)
                  000010a4    0000006c                   : sysctl.obj (.const:g_pui32Xtals)
                  00001110    00000030                   : sysctl.obj (.const:g_sXTALtoMEMTIM)
                  00001140    0000000c     uartstdio.obj (.const:g_ui32UARTInt)
                  0000114c    00000008     driverlib.lib : sysctl.obj (.const)
                  00001154    00000004     port.obj (.const)

.cinit     0    00001158    00000030     
                  00001158    0000000c     (__TI_handler_table)
                  00001164    00000004     --HOLE-- [fill = 0]
                  00001168    00000008     (.cinit..bss.load) [load image, compression = zero_init]
                  00001170    00000008     (.cinit..data.load) [load image, compression = lzss]
                  00001178    00000010     (__TI_cinit_table)

.init_array 
*          0    00000000    00000000     UNINITIALIZED

.bss       0    20004000    000005d8     UNINITIALIZED
                  20004000    00000400     uartstdio.obj (.bss:g_pcUARTTxBuffer)
                  20004400    00000140     tasks.obj (.bss:pxReadyTasksLists)
                  20004540    00000080     uartstdio.obj (.bss:g_pcUARTRxBuffer)
                  200045c0    00000008     tasks.obj (.bss)
                  200045c8    00000008     uartstdio.obj (.bss)
                  200045d0    00000004     (.common:g_ui32SysClock)
                  200045d4    00000004     (.common:g_vulRunTimeStatsCountValue)

.data      0    200045d8    0000004d     UNINITIALIZED
                  200045d8    00000038     tasks.obj (.data)
                  20004610    00000015     uartstdio.obj (.data)

.stack     0    20000000    00004000     UNINITIALIZED
                  20000000    00000004     rtsv7M4_T_le_v4SPD16_eabi.lib : boot_cortex_m.c.obj (.stack)
                  20000004    00003ffc     --HOLE--

MODULE SUMMARY

       Module                       code   ro data   rw data
       ------                       ----   -------   -------
    .\
       startup_ccs.obj              12     512       0      
       main.obj                     78     0         8      
    +--+----------------------------+------+---------+---------+
       Total:                       90     512       8      
                                                            
    .\third_party\FreeRTOS\Source\
       tasks.obj                    480    0         384    
       list.obj                     56     0         0      
    +--+----------------------------+------+---------+---------+
       Total:                       536    0         384    
                                                            
    .\third_party\FreeRTOS\Source\portable\CCS\ARM_CM4F\
       portasm.obj                  210    0         0      
       port.obj                     44     4         0      
    +--+----------------------------+------+---------+---------+
       Total:                       254    4         0      
                                                            
    .\utils\
       uartstdio.obj                1214   12        1181   
    +--+----------------------------+------+---------+---------+
       Total:                       1214   12        1181   
                                                            
    C:/ti/TivaWare_C_Series-2.1.4.178/driverlib/ccs/Debug/driverlib.lib
       sysctl.obj                   616    596       0      
    +--+----------------------------+------+---------+---------+
       Total:                       616    596       0      
                                                            
    C:\ti\ccsv8\tools\compiler\ti-cgt-arm_18.1.3.LTS\lib\rtsv7M4_T_le_v4SPD16_eabi.lib
       memcpy_t2.asm.obj            156    0         0      
       memset_t2.asm.obj            122    0         0      
       copy_decompress_lzss.c.obj   104    0         0      
       autoinit.c.obj               68     0         0      
       u_divt2.asm.obj              64     0         0      
       boot_cortex_m.c.obj          56     0         0      
       copy_decompress_none.c.obj   14     0         0      
       copy_zero_init.c.obj         12     0         0      
       exit.c.obj                   4      0         0      
       pre_init.c.obj               4      0         0      
       div0.asm.obj                 2      0         0      
    +--+----------------------------+------+---------+---------+
       Total:                       606    0         0      
                                                            
       Stack:                       0      0         16384  
       Linker Generated:            0      44        0      
    +--+----------------------------+------+---------+---------+
       Grand Total:                 3316   1168      17957  


LINKER GENERATED COPY TABLES

__TI_cinit_table @ 00001178 records: 2, size/record: 8, table size: 16
	.bss: load addr=00001168, load size=00000008 bytes, run addr=20004000, run size=000005d8 bytes, compression=zero_init
	.data: load addr=00001170, load size=00000008 bytes, run addr=200045d8, run size=0000004d bytes, compression=lzss


LINKER GENERATED HANDLER TABLE

__TI_handler_table @ 00001158 records: 3, size/record: 4, table size: 12
	index: 0, handler: __TI_decompress_lzss
	index: 1, handler: __TI_decompress_none
	index: 2, handler: __TI_zero_init


GLOBAL SYMBOLS: SORTED ALPHABETICALLY BY Name 

address   name                          
-------   ----                          
00000eed  C$$EXIT                       
00000ee3  ResetISR                      
00000201  SysCtlClockFreqSet            
000005ed  UARTStdioIntHandler           
00000e71  UARTprintf                    
00000401  UARTvprintf                   
000009d9  UARTwrite                     
20004000  __STACK_END                   
00004000  __STACK_SIZE                  
20004000  __STACK_TOP                   
00001178  __TI_CINIT_Base               
00001188  __TI_CINIT_Limit              
00001158  __TI_Handler_Table_Base       
00001164  __TI_Handler_Table_Limit      
00000d21  __TI_auto_init_nobinit_nopinit
00000c23  __TI_decompress_lzss          
00000ec9  __TI_decompress_none          
ffffffff  __TI_pprof_out_hndl           
ffffffff  __TI_prof_data_size           
ffffffff  __TI_prof_data_start          
00000000  __TI_static_base__            
00000ed7  __TI_zero_init                
00000ef1  __aeabi_idiv0                 
00000ef1  __aeabi_ldiv0                 
00000ba9  __aeabi_memclr                
00000ba9  __aeabi_memclr4               
00000ba9  __aeabi_memclr8               
00000a81  __aeabi_memcpy                
00000a81  __aeabi_memcpy4               
00000a81  __aeabi_memcpy8               
00000bab  __aeabi_memset                
00000bab  __aeabi_memset4               
00000bab  __aeabi_memset8               
00000d65  __aeabi_uidiv                 
00000d65  __aeabi_uidivmod              
ffffffff  __binit__                     
ffffffff  __c_args__                    
UNDEFED   __mpu_init                    
20000000  __stack                       
00000da5  _c_int00_noargs               
UNDEFED   _system_post_cinit            
00000ee9  _system_pre_init              
00000eed  abort                         
ffffffff  binit                         
00000000  g_pfnVectors                  
200045d0  g_ui32SysClock                
200045d4  g_vulRunTimeStatsCountValue   
00000c8d  main                          
00000a81  memcpy                        
00000bb1  memset                        
200045d8  pxCurrentTCB                  
00001154  ulMaxSyscallInterruptPriority 
00000861  ulPortGetIPSR                 
00000e51  uxListRemove                  
00000ef3  vApplicationStackOverflowHook 
00000ea3  vListInsertEnd                
00000915  vPortEnableVFP                
000008d9  vPortSVCHandler               
000008f9  vPortStartFirstTask           
00000925  vTaskSwitchContext            
00000879  xPortPendSVHandler            
00000ddd  xPortSysTickHandler           
0000074d  xTaskIncrementTick            


GLOBAL SYMBOLS: SORTED BY Symbol Address 

address   name                          
-------   ----                          
00000000  __TI_static_base__            
00000000  g_pfnVectors                  
00000201  SysCtlClockFreqSet            
00000401  UARTvprintf                   
000005ed  UARTStdioIntHandler           
0000074d  xTaskIncrementTick            
00000861  ulPortGetIPSR                 
00000879  xPortPendSVHandler            
000008d9  vPortSVCHandler               
000008f9  vPortStartFirstTask           
00000915  vPortEnableVFP                
00000925  vTaskSwitchContext            
000009d9  UARTwrite                     
00000a81  __aeabi_memcpy                
00000a81  __aeabi_memcpy4               
00000a81  __aeabi_memcpy8               
00000a81  memcpy                        
00000ba9  __aeabi_memclr                
00000ba9  __aeabi_memclr4               
00000ba9  __aeabi_memclr8               
00000bab  __aeabi_memset                
00000bab  __aeabi_memset4               
00000bab  __aeabi_memset8               
00000bb1  memset                        
00000c23  __TI_decompress_lzss          
00000c8d  main                          
00000d21  __TI_auto_init_nobinit_nopinit
00000d65  __aeabi_uidiv                 
00000d65  __aeabi_uidivmod              
00000da5  _c_int00_noargs               
00000ddd  xPortSysTickHandler           
00000e51  uxListRemove                  
00000e71  UARTprintf                    
00000ea3  vListInsertEnd                
00000ec9  __TI_decompress_none          
00000ed7  __TI_zero_init                
00000ee3  ResetISR                      
00000ee9  _system_pre_init              
00000eed  C$$EXIT                       
00000eed  abort                         
00000ef1  __aeabi_idiv0                 
00000ef1  __aeabi_ldiv0                 
00000ef3  vApplicationStackOverflowHook 
00001154  ulMaxSyscallInterruptPriority 
00001158  __TI_Handler_Table_Base       
00001164  __TI_Handler_Table_Limit      
00001178  __TI_CINIT_Base               
00001188  __TI_CINIT_Limit              
00004000  __STACK_SIZE                  
20000000  __stack                       
20004000  __STACK_END                   
20004000  __STACK_TOP                   
200045d0  g_ui32SysClock                
200045d4  g_vulRunTimeStatsCountValue   
200045d8  pxCurrentTCB                  
ffffffff  __TI_pprof_out_hndl           
ffffffff  __TI_prof_data_size           
ffffffff  __TI_prof_data_start          
ffffffff  __binit__                     
ffffffff  __c_args__                    
ffffffff  binit                         
UNDEFED   __mpu_init                    
UNDEFED   _system_post_cinit            

[63 symbols]
