******************************************************************************
                  TI ARM Linker PC v18.1.3                     
******************************************************************************
>> Linked Tue Apr 16 01:32:20 2019

OUTPUT FILE NAME:   <Project_2.out>
ENTRY POINT SYMBOL: "_c_int00_noargs"  address: 0000287d


MEMORY CONFIGURATION

         name            origin    length      used     unused   attr    fill
----------------------  --------  ---------  --------  --------  ----  --------
  FLASH                 00000000   00100000  000030c2  000fcf3e  R  X
  SRAM                  20000000   00040000  00014738  0002b8c8  RW X


SEGMENT ALLOCATION MAP

run origin  load origin   length   init length attrs members
----------  ----------- ---------- ----------- ----- -------
00000000    00000000    000030c8   000030c8    r-x
  00000000    00000000    00000200   00000200    r-- .intvecs
  00000200    00000200    00002b86   00002b86    r-x .text
  00002d88    00002d88    0000030c   0000030c    r-- .const
  00003098    00003098    00000030   00000030    r-- .cinit
20000000    20000000    0001473c   00000000    rw-
  20000000    20000000    000106d4   00000000    rw- .bss
  200106d8    200106d8    00004000   00000000    rw- .stack
  200146d8    200146d8    00000064   00000000    rw- .data


SECTION ALLOCATION MAP

 output                                  attributes/
section   page    origin      length       input sections
--------  ----  ----------  ----------   ----------------
.intvecs   0    00000000    00000200     
                  00000000    00000200     startup_ccs.obj (.intvecs)

.text      0    00000200    00002b86     
                  00000200    00000200     driverlib.lib : sysctl.obj (.text:SysCtlClockFreqSet)
                  00000400    000001ea     uartstdio.obj (.text:UARTvprintf)
                  000005ea    00000002     startup_ccs.obj (.text:FaultISR)
                  000005ec    00000160     uartstdio.obj (.text:UARTStdioIntHandler)
                  0000074c    00000132     driverlib.lib : gpio.obj (.text:GPIOPadConfigSet)
                  0000087e    00000002     startup_ccs.obj (.text:IntDefaultHandler)
                  00000880    00000118     queue.obj (.text:xQueueGenericReceive)
                  00000998    00000110     driverlib.lib : sysctl.obj (.text:SysCtlClockGet)
                  00000aa8    00000104     tasks.obj (.text:xTaskIncrementTick)
                  00000bac    00000100     main.obj (.text:log_value)
                  00000cac    00000100     tasks.obj (.text:xTaskGenericCreate)
                  00000dac    000000e8     queue.obj (.text:xQueueGenericSend)
                  00000e94    000000e4     tasks.obj (.text:xTaskResumeAll)
                  00000f78    000000d2     portasm.obj (.text)
                  0000104a    00000002     startup_ccs.obj (.text:NmiSR)
                  0000104c    000000c8     main.obj (.text:temp_fn)
                  00001114    000000c0     main.obj (.text:main)
                  000011d4    000000b4     main.obj (.text:led_fn)
                  00001288    000000b4     tasks.obj (.text:vTaskSwitchContext)
                  0000133c    000000b0     uartstdio.obj (.text:UARTStdioConfig)
                  000013ec    000000ac     main.obj (.text:ConfigureTimer)
                  00001498    000000ac     tasks.obj (.text:xTaskGenericNotify)
                  00001544    000000a8     uartstdio.obj (.text:UARTwrite)
                  000015ec    000000a4     timers.obj (.text:prvProcessReceivedCommands)
                  00001690    000000a4     tasks.obj (.text:ulTaskNotifyTake)
                  00001734    0000009c     rtsv7M4_T_le_v4SPD16_eabi.lib : memcpy_t2.asm.obj (.text)
                  000017d0    00000090     main.obj (.text:I2Creceive)
                  00001860    00000090     tasks.obj (.text:vTaskPriorityInherit)
                  000018f0    0000008c     uartstdio.obj (.text:UARTPrimeTransmit)
                  0000197c    00000084     main.obj (.text:alert_task)
                  00001a00    00000084     queue.obj (.text:xQueueGenericReset)
                  00001a84    00000080     main.obj (.text:temp_task)
                  00001b04    0000007a     rtsv7M4_T_le_v4SPD16_eabi.lib : memset_t2.asm.obj (.text)
                  00001b7e    00000002                                   : div0.asm.obj (.text)
                  00001b80    00000078     tasks.obj (.text:xTaskPriorityDisinherit)
                  00001bf8    00000074     main.obj (.text:led_task)
                  00001c6c    00000074     main.obj (.text:log_task)
                  00001ce0    00000074     tasks.obj (.text:vTaskStartScheduler)
                  00001d54    00000074     tasks.obj (.text:xTaskRemoveFromEventList)
                  00001dc8    00000072     queue.obj (.text:prvCopyDataToQueue)
                  00001e3a    00000002     main.obj (.text:vApplicationStackOverflowHook)
                  00001e3c    00000070     timers.obj (.text:prvProcessTimerOrBlockTask)
                  00001eac    00000068     rtsv7M4_T_le_v4SPD16_eabi.lib : copy_decompress_lzss.c.obj (.text:decompress:lzss:__TI_decompress_lzss)
                  00001f14    00000068     tasks.obj (.text:vTaskPlaceOnEventListRestricted)
                  00001f7c    00000064     main.obj (.text:ConfigureUART)
                  00001fe0    00000064     main.obj (.text:alert_fn)
                  00002044    00000064     tasks.obj (.text:vTaskPlaceOnEventList)
                  000020a8    00000062     queue.obj (.text:prvUnlockQueue)
                  0000210a    00000002     heap_1.obj (.text:vPortFree)
                  0000210c    00000060     main.obj (.text:ConfigureI2C2)
                  0000216c    00000060     tasks.obj (.text:prvInitialiseTaskLists)
                  000021cc    00000060     timers.obj (.text:prvSwitchTimerLists)
                  0000222c    0000005c     timers.obj (.text:prvCheckForValidListAndQueue)
                  00002288    0000005c     queue.obj (.text:xQueueGenericSendFromISR)
                  000022e4    00000058     tasks.obj (.text:prvCheckTasksWaitingTermination)
                  0000233c    00000058     tasks.obj (.text:prvInitialiseTCBVariables)
                  00002394    00000054     tasks.obj (.text:xTaskCheckForTimeOut)
                  000023e8    00000050     driverlib.lib : sysctl.obj (.text:SysCtlPeripheralReset)
                  00002438    00000050     heap_1.obj (.text:pvPortMalloc)
                  00002488    0000004c     driverlib.lib : i2c.obj (.text:I2CMasterInitExpClk)
                  000024d4    0000004c     tasks.obj (.text:prvAddCurrentTaskToDelayedList)
                  00002520    00000048     driverlib.lib : gpio.obj (.text:GPIOPinConfigure)
                  00002568    00000048                   : sysctl.obj (.text:_SysCtlFrequencyGet)
                  000025b0    00000048     timers.obj (.text:prvProcessExpiredTimer)
                  000025f8    00000044     rtsv7M4_T_le_v4SPD16_eabi.lib : autoinit.c.obj (.text:__TI_auto_init_nobinit_nopinit:__TI_auto_init_nobinit_nopinit)
                  0000263c    00000044     timers.obj (.text:prvInsertTimerInActiveList)
                  00002680    00000044     timers.obj (.text:xTimerCreateTimerTask)
                  000026c4    00000044     timers.obj (.text:xTimerGenericCommand)
                  00002708    00000040     rtsv7M4_T_le_v4SPD16_eabi.lib : u_divt2.asm.obj (.text)
                  00002748    00000040     queue.obj (.text:vQueueWaitForMessageRestricted)
                  00002788    00000040     port.obj (.text:xPortStartScheduler)
                  000027c8    0000003c     uartstdio.obj (.text:UARTFlushTx)
                  00002804    0000003c     queue.obj (.text:xQueueGenericCreate)
                  00002840    0000003a     tasks.obj (.text:prvAllocateTCBAndStack)
                  0000287a    00000002     --HOLE-- [fill = 0]
                  0000287c    00000038     rtsv7M4_T_le_v4SPD16_eabi.lib : boot_cortex_m.c.obj (.text:_c_int00_noargs:_c_int00_noargs)
                  000028b4    00000038     list.obj (.text:vListInsert)
                  000028ec    00000034     driverlib.lib : sysctl.obj (.text:SysCtlPeripheralEnable)
                  00002920    0000002c     uartstdio.obj (.text:UARTFlushRx)
                  0000294c    0000002c     port.obj (.text:xPortSysTickHandler)
                  00002978    0000002a     driverlib.lib : gpio.obj (.text:GPIODirModeSet)
                  000029a2    00000002     --HOLE-- [fill = 0]
                  000029a4    00000028     main.obj (.text:log_fn)
                  000029cc    00000028     tasks.obj (.text:prvResetNextTaskUnblockTime)
                  000029f4    00000028     timers.obj (.text:prvSampleTimeNow)
                  00002a1c    00000028     port.obj (.text:pxPortInitialiseStack)
                  00002a44    00000026     queue.obj (.text:prvCopyDataFromQueue)
                  00002a6a    00000002     --HOLE-- [fill = 0]
                  00002a6c    00000024     main.obj (.text:Timer0IntHandler)
                  00002a90    00000024     main.obj (.text:Timer1IntHandler)
                  00002ab4    00000020     driverlib.lib : sysctl.obj (.text:_SysCtlMemTimingGet)
                  00002ad4    00000020     timers.obj (.text:prvGetNextExpireTime)
                  00002af4    00000020     list.obj (.text:uxListRemove)
                  00002b14    00000020     queue.obj (.text:vQueueAddToRegistry)
                  00002b34    00000020     tasks.obj (.text:xTaskGetSchedulerState)
                  00002b54    0000001c     queue.obj (.text:prvIsQueueFull)
                  00002b70    0000001c     port.obj (.text:vPortEnterCritical)
                  00002b8c    0000001a     uartstdio.obj (.text:UARTprintf)
                  00002ba6    0000001a     queue.obj (.text:prvIsQueueEmpty)
                  00002bc0    00000018     driverlib.lib : gpio.obj (.text:GPIOPinTypeGPIOOutput)
                  00002bd8    00000018     uartstdio.obj (.text:IsBufferFull)
                  00002bf0    00000018     tasks.obj (.text:pvTaskIncrementMutexHeldCount)
                  00002c08    00000018     list.obj (.text:vListInsertEnd)
                  00002c20    00000018     port.obj (.text:vPortExitCritical)
                  00002c38    00000018     tasks.obj (.text:vTaskSetTimeOutState)
                  00002c50    00000016     list.obj (.text:vListInitialise)
                  00002c66    00000014     timers.obj (.text:prvTimerTask)
                  00002c7a    00000002     --HOLE-- [fill = 0]
                  00002c7c    00000014     port.obj (.text:vPortSetupTimerInterrupt)
                  00002c90    00000012     driverlib.lib : gpio.obj (.text:GPIOPinTypeI2C)
                  00002ca2    00000012                   : gpio.obj (.text:GPIOPinTypeI2CSCL)
                  00002cb4    00000012     tasks.obj (.text:prvDeleteTCB)
                  00002cc6    00000010     port.obj (.text:prvTaskExitError)
                  00002cd6    00000002     --HOLE-- [fill = 0]
                  00002cd8    00000010     tasks.obj (.text:vTaskSuspendAll)
                  00002ce8    0000000e     uartstdio.obj (.text:IsBufferEmpty)
                  00002cf6    0000000e     driverlib.lib : timer.obj (.text:TimerEnable)
                  00002d04    0000000e     rtsv7M4_T_le_v4SPD16_eabi.lib : copy_decompress_none.c.obj (.text:decompress:none:__TI_decompress_none)
                  00002d12    0000000c                                   : copy_zero_init.c.obj (.text:decompress:ZI:__TI_zero_init)
                  00002d1e    00000002     --HOLE-- [fill = 0]
                  00002d20    0000000c     tasks.obj (.text:vTaskMissedYield)
                  00002d2c    0000000c     tasks.obj (.text:xTaskGetTickCount)
                  00002d38    0000000a     driverlib.lib : i2c.obj (.text:I2CMasterEnable)
                  00002d42    00000008                   : i2c.obj (.text:I2CMasterBusy)
                  00002d4a    00000008                   : i2c.obj (.text:I2CMasterSlaveAddrSet)
                  00002d52    00000008     tasks.obj (.text:prvIdleTask)
                  00002d5a    00000006     driverlib.lib : gpio.obj (.text:GPIOPinWrite)
                  00002d60    00000006     startup_ccs.obj (.text:ResetISR)
                  00002d66    00000006     driverlib.lib : uart.obj (.text:UARTClockSourceSet)
                  00002d6c    00000006     list.obj (.text:vListInitialiseItem)
                  00002d72    00000004     driverlib.lib : i2c.obj (.text:I2CMasterControl)
                  00002d76    00000004                   : i2c.obj (.text:I2CMasterDataGet)
                  00002d7a    00000004                   : i2c.obj (.text:I2CMasterDataPut)
                  00002d7e    00000004     rtsv7M4_T_le_v4SPD16_eabi.lib : pre_init.c.obj (.text:_system_pre_init)
                  00002d82    00000004                                   : exit.c.obj (.text:abort:abort)

.const     0    00002d88    0000030c     
                  00002d88    000001b0     driverlib.lib : sysctl.obj (.const:g_pppui32XTALtoVCO)
                  00002f38    00000090                   : gpio.obj (.const:g_pui32GPIOBaseAddrs)
                  00002fc8    0000006c                   : sysctl.obj (.const:g_pui32Xtals)
                  00003034    00000030                   : sysctl.obj (.const:g_sXTALtoMEMTIM)
                  00003064    0000000c     uartstdio.obj (.const:g_ui32UARTBase)
                  00003070    0000000c     uartstdio.obj (.const:g_ui32UARTInt)
                  0000307c    0000000c     uartstdio.obj (.const:g_ui32UARTPeriph)
                  00003088    00000008     driverlib.lib : sysctl.obj (.const)
                  00003090    00000004     port.obj (.const)

.cinit     0    00003098    00000030     
                  00003098    0000000c     (__TI_handler_table)
                  000030a4    0000000b     (.cinit..data.load) [load image, compression = lzss]
                  000030af    00000001     --HOLE-- [fill = 0]
                  000030b0    00000008     (.cinit..bss.load) [load image, compression = zero_init]
                  000030b8    00000010     (__TI_cinit_table)

.init_array 
*          0    00000000    00000000     UNINITIALIZED

.bss       0    20000000    000106d4     UNINITIALIZED
                  20000000    00010000     heap_1.obj (.bss:ucHeap)
                  20010000    00000400     uartstdio.obj (.bss:g_pcUARTTxBuffer)
                  20010400    00000140     tasks.obj (.bss:pxReadyTasksLists)
                  20010540    00000080     uartstdio.obj (.bss:g_pcUARTRxBuffer)
                  200105c0    00000050     (.common:xQueueRegistry)
                  20010610    00000014     timers.obj (.bss:xActiveTimerList1)
                  20010624    00000014     timers.obj (.bss:xActiveTimerList2)
                  20010638    00000014     tasks.obj (.bss:xDelayedTaskList1)
                  2001064c    00000014     tasks.obj (.bss:xDelayedTaskList2)
                  20010660    00000014     tasks.obj (.bss:xPendingReadyList)
                  20010674    00000014     tasks.obj (.bss:xSuspendedTaskList)
                  20010688    00000014     tasks.obj (.bss:xTasksWaitingTermination)
                  2001069c    00000008     tasks.obj (.bss)
                  200106a4    00000008     timers.obj (.bss)
                  200106ac    00000008     uartstdio.obj (.bss)
                  200106b4    00000004     main.obj (.bss)
                  200106b8    00000004     (.common:START)
                  200106bc    00000004     (.common:g_ui32SysClock)
                  200106c0    00000004     (.common:g_vulRunTimeStatsCountValue)
                  200106c4    00000004     (.common:led_timer_flag)
                  200106c8    00000004     (.common:temp_timer_flag)
                  200106cc    00000004     (.common:xHandle_alert)
                  200106d0    00000004     (.common:xQueue)

.data      0    200146d8    00000064     UNINITIALIZED
                  200146d8    00000038     tasks.obj (.data)
                  20014710    00000015     uartstdio.obj (.data)
                  20014725    00000003     --HOLE--
                  20014728    00000008     heap_1.obj (.data)
                  20014730    00000008     timers.obj (.data)
                  20014738    00000004     port.obj (.data)

.stack     0    200106d8    00004000     UNINITIALIZED
                  200106d8    00000004     rtsv7M4_T_le_v4SPD16_eabi.lib : boot_cortex_m.c.obj (.stack)
                  200106dc    00003ffc     --HOLE--

MODULE SUMMARY

       Module                       code    ro data   rw data
       ------                       ----    -------   -------
    .\
       main.obj                     2046    0         32     
       startup_ccs.obj              12      512       0      
    +--+----------------------------+-------+---------+---------+
       Total:                       2058    512       32     
                                                             
    .\third_party\FreeRTOS\Source\
       tasks.obj                    2636    0         484    
       queue.obj                    1196    0         80     
       timers.obj                   832     0         56     
       list.obj                     140     0         0      
    +--+----------------------------+-------+---------+---------+
       Total:                       4804    0         620    
                                                             
    .\third_party\FreeRTOS\Source\portable\CCS\ARM_CM4F\
       port.obj                     236     4         4      
       portasm.obj                  210     0         0      
    +--+----------------------------+-------+---------+---------+
       Total:                       446     4         4      
                                                             
    .\third_party\FreeRTOS\Source\portable\MemMang\
       heap_1.obj                   82      0         65544  
    +--+----------------------------+-------+---------+---------+
       Total:                       82      0         65544  
                                                             
    .\utils\
       uartstdio.obj                1494    36        1181   
    +--+----------------------------+-------+---------+---------+
       Total:                       1494    36        1181   
                                                             
    C:/ti/TivaWare_C_Series-2.1.4.178/driverlib/ccs/Debug/driverlib.lib
       sysctl.obj                   1020    596       0      
       gpio.obj                     486     144       0      
       i2c.obj                      114     0         0      
       timer.obj                    14      0         0      
       uart.obj                     6       0         0      
    +--+----------------------------+-------+---------+---------+
       Total:                       1640    740       0      
                                                             
    C:\ti\ccsv8\tools\compiler\ti-cgt-arm_18.1.3.LTS\lib\rtsv7M4_T_le_v4SPD16_eabi.lib
       memcpy_t2.asm.obj            156     0         0      
       memset_t2.asm.obj            122     0         0      
       copy_decompress_lzss.c.obj   104     0         0      
       autoinit.c.obj               68      0         0      
       u_divt2.asm.obj              64      0         0      
       boot_cortex_m.c.obj          56      0         0      
       copy_decompress_none.c.obj   14      0         0      
       copy_zero_init.c.obj         12      0         0      
       exit.c.obj                   4       0         0      
       pre_init.c.obj               4       0         0      
       div0.asm.obj                 2       0         0      
    +--+----------------------------+-------+---------+---------+
       Total:                       606     0         0      
                                                             
       Stack:                       0       0         16384  
       Linker Generated:            0       47        0      
    +--+----------------------------+-------+---------+---------+
       Grand Total:                 11130   1339      83765  


LINKER GENERATED COPY TABLES

__TI_cinit_table @ 000030b8 records: 2, size/record: 8, table size: 16
	.data: load addr=000030a4, load size=0000000b bytes, run addr=200146d8, run size=00000064 bytes, compression=lzss
	.bss: load addr=000030b0, load size=00000008 bytes, run addr=20000000, run size=000106d4 bytes, compression=zero_init


LINKER GENERATED HANDLER TABLE

__TI_handler_table @ 00003098 records: 3, size/record: 4, table size: 12
	index: 0, handler: __TI_decompress_lzss
	index: 1, handler: __TI_decompress_none
	index: 2, handler: __TI_zero_init


GLOBAL SYMBOLS: SORTED ALPHABETICALLY BY Name 

address   name                           
-------   ----                           
00002d83  C$$EXIT                        
0000210d  ConfigureI2C2                  
000013ed  ConfigureTimer                 
00001f7d  ConfigureUART                  
00002979  GPIODirModeSet                 
0000074d  GPIOPadConfigSet               
00002521  GPIOPinConfigure               
00002bc1  GPIOPinTypeGPIOOutput          
00002c91  GPIOPinTypeI2C                 
00002ca3  GPIOPinTypeI2CSCL              
00002d5b  GPIOPinWrite                   
00002d43  I2CMasterBusy                  
00002d73  I2CMasterControl               
00002d77  I2CMasterDataGet               
00002d7b  I2CMasterDataPut               
00002d39  I2CMasterEnable                
00002489  I2CMasterInitExpClk            
00002d4b  I2CMasterSlaveAddrSet          
000017d1  I2Creceive                     
00002d61  ResetISR                       
200106b8  START                          
00000201  SysCtlClockFreqSet             
00000999  SysCtlClockGet                 
000028ed  SysCtlPeripheralEnable         
000023e9  SysCtlPeripheralReset          
00002a6d  Timer0IntHandler               
00002a91  Timer1IntHandler               
00002cf7  TimerEnable                    
00002d67  UARTClockSourceSet             
00002921  UARTFlushRx                    
000027c9  UARTFlushTx                    
0000133d  UARTStdioConfig                
000005ed  UARTStdioIntHandler            
00002b8d  UARTprintf                     
00000401  UARTvprintf                    
00001545  UARTwrite                      
200146d8  __STACK_END                    
00004000  __STACK_SIZE                   
200146d8  __STACK_TOP                    
000030b8  __TI_CINIT_Base                
000030c8  __TI_CINIT_Limit               
00003098  __TI_Handler_Table_Base        
000030a4  __TI_Handler_Table_Limit       
000025f9  __TI_auto_init_nobinit_nopinit 
00001ead  __TI_decompress_lzss           
00002d05  __TI_decompress_none           
ffffffff  __TI_pprof_out_hndl            
ffffffff  __TI_prof_data_size            
ffffffff  __TI_prof_data_start           
00000000  __TI_static_base__             
00002d13  __TI_zero_init                 
00001b7f  __aeabi_idiv0                  
00001b7f  __aeabi_ldiv0                  
00001b05  __aeabi_memclr                 
00001b05  __aeabi_memclr4                
00001b05  __aeabi_memclr8                
00001735  __aeabi_memcpy                 
00001735  __aeabi_memcpy4                
00001735  __aeabi_memcpy8                
00001b07  __aeabi_memset                 
00001b07  __aeabi_memset4                
00001b07  __aeabi_memset8                
00002709  __aeabi_uidiv                  
00002709  __aeabi_uidivmod               
ffffffff  __binit__                      
ffffffff  __c_args__                     
UNDEFED   __mpu_init                     
200106d8  __stack                        
0000287d  _c_int00_noargs                
UNDEFED   _system_post_cinit             
00002d7f  _system_pre_init               
00002d83  abort                          
00001fe1  alert_fn                       
0000197d  alert_task                     
ffffffff  binit                          
00000000  g_pfnVectors                   
200106bc  g_ui32SysClock                 
200106c0  g_vulRunTimeStatsCountValue    
000011d5  led_fn                         
00001bf9  led_task                       
200106c4  led_timer_flag                 
000029a5  log_fn                         
00001c6d  log_task                       
00000bad  log_value                      
00001115  main                           
00001735  memcpy                         
00001b0d  memset                         
00002439  pvPortMalloc                   
00002bf1  pvTaskIncrementMutexHeldCount  
200146d8  pxCurrentTCB                   
00002a1d  pxPortInitialiseStack          
0000104d  temp_fn                        
00001a85  temp_task                      
200106c8  temp_timer_flag                
00003090  ulMaxSyscallInterruptPriority  
00000f89  ulPortGetIPSR                  
00001691  ulTaskNotifyTake               
00002af5  uxListRemove                   
00001e3b  vApplicationStackOverflowHook  
00002c51  vListInitialise                
00002d6d  vListInitialiseItem            
000028b5  vListInsert                    
00002c09  vListInsertEnd                 
0000103d  vPortEnableVFP                 
00002b71  vPortEnterCritical             
00002c21  vPortExitCritical              
0000210b  vPortFree                      
00001001  vPortSVCHandler                
00002c7d  vPortSetupTimerInterrupt       
00001021  vPortStartFirstTask            
00002b15  vQueueAddToRegistry            
00002749  vQueueWaitForMessageRestricted 
00002d21  vTaskMissedYield               
00002045  vTaskPlaceOnEventList          
00001f15  vTaskPlaceOnEventListRestricted
00001861  vTaskPriorityInherit           
00002c39  vTaskSetTimeOutState           
00001ce1  vTaskStartScheduler            
00002cd9  vTaskSuspendAll                
00001289  vTaskSwitchContext             
200106cc  xHandle_alert                  
00000fa1  xPortPendSVHandler             
00002789  xPortStartScheduler            
0000294d  xPortSysTickHandler            
200106d0  xQueue                         
00002805  xQueueGenericCreate            
00000881  xQueueGenericReceive           
00001a01  xQueueGenericReset             
00000dad  xQueueGenericSend              
00002289  xQueueGenericSendFromISR       
200105c0  xQueueRegistry                 
00002395  xTaskCheckForTimeOut           
00000cad  xTaskGenericCreate             
00001499  xTaskGenericNotify             
00002b35  xTaskGetSchedulerState         
00002d2d  xTaskGetTickCount              
00000aa9  xTaskIncrementTick             
00001b81  xTaskPriorityDisinherit        
00001d55  xTaskRemoveFromEventList       
00000e95  xTaskResumeAll                 
00002681  xTimerCreateTimerTask          
000026c5  xTimerGenericCommand           


GLOBAL SYMBOLS: SORTED BY Symbol Address 

address   name                           
-------   ----                           
00000000  __TI_static_base__             
00000000  g_pfnVectors                   
00000201  SysCtlClockFreqSet             
00000401  UARTvprintf                    
000005ed  UARTStdioIntHandler            
0000074d  GPIOPadConfigSet               
00000881  xQueueGenericReceive           
00000999  SysCtlClockGet                 
00000aa9  xTaskIncrementTick             
00000bad  log_value                      
00000cad  xTaskGenericCreate             
00000dad  xQueueGenericSend              
00000e95  xTaskResumeAll                 
00000f89  ulPortGetIPSR                  
00000fa1  xPortPendSVHandler             
00001001  vPortSVCHandler                
00001021  vPortStartFirstTask            
0000103d  vPortEnableVFP                 
0000104d  temp_fn                        
00001115  main                           
000011d5  led_fn                         
00001289  vTaskSwitchContext             
0000133d  UARTStdioConfig                
000013ed  ConfigureTimer                 
00001499  xTaskGenericNotify             
00001545  UARTwrite                      
00001691  ulTaskNotifyTake               
00001735  __aeabi_memcpy                 
00001735  __aeabi_memcpy4                
00001735  __aeabi_memcpy8                
00001735  memcpy                         
000017d1  I2Creceive                     
00001861  vTaskPriorityInherit           
0000197d  alert_task                     
00001a01  xQueueGenericReset             
00001a85  temp_task                      
00001b05  __aeabi_memclr                 
00001b05  __aeabi_memclr4                
00001b05  __aeabi_memclr8                
00001b07  __aeabi_memset                 
00001b07  __aeabi_memset4                
00001b07  __aeabi_memset8                
00001b0d  memset                         
00001b7f  __aeabi_idiv0                  
00001b7f  __aeabi_ldiv0                  
00001b81  xTaskPriorityDisinherit        
00001bf9  led_task                       
00001c6d  log_task                       
00001ce1  vTaskStartScheduler            
00001d55  xTaskRemoveFromEventList       
00001e3b  vApplicationStackOverflowHook  
00001ead  __TI_decompress_lzss           
00001f15  vTaskPlaceOnEventListRestricted
00001f7d  ConfigureUART                  
00001fe1  alert_fn                       
00002045  vTaskPlaceOnEventList          
0000210b  vPortFree                      
0000210d  ConfigureI2C2                  
00002289  xQueueGenericSendFromISR       
00002395  xTaskCheckForTimeOut           
000023e9  SysCtlPeripheralReset          
00002439  pvPortMalloc                   
00002489  I2CMasterInitExpClk            
00002521  GPIOPinConfigure               
000025f9  __TI_auto_init_nobinit_nopinit 
00002681  xTimerCreateTimerTask          
000026c5  xTimerGenericCommand           
00002709  __aeabi_uidiv                  
00002709  __aeabi_uidivmod               
00002749  vQueueWaitForMessageRestricted 
00002789  xPortStartScheduler            
000027c9  UARTFlushTx                    
00002805  xQueueGenericCreate            
0000287d  _c_int00_noargs                
000028b5  vListInsert                    
000028ed  SysCtlPeripheralEnable         
00002921  UARTFlushRx                    
0000294d  xPortSysTickHandler            
00002979  GPIODirModeSet                 
000029a5  log_fn                         
00002a1d  pxPortInitialiseStack          
00002a6d  Timer0IntHandler               
00002a91  Timer1IntHandler               
00002af5  uxListRemove                   
00002b15  vQueueAddToRegistry            
00002b35  xTaskGetSchedulerState         
00002b71  vPortEnterCritical             
00002b8d  UARTprintf                     
00002bc1  GPIOPinTypeGPIOOutput          
00002bf1  pvTaskIncrementMutexHeldCount  
00002c09  vListInsertEnd                 
00002c21  vPortExitCritical              
00002c39  vTaskSetTimeOutState           
00002c51  vListInitialise                
00002c7d  vPortSetupTimerInterrupt       
00002c91  GPIOPinTypeI2C                 
00002ca3  GPIOPinTypeI2CSCL              
00002cd9  vTaskSuspendAll                
00002cf7  TimerEnable                    
00002d05  __TI_decompress_none           
00002d13  __TI_zero_init                 
00002d21  vTaskMissedYield               
00002d2d  xTaskGetTickCount              
00002d39  I2CMasterEnable                
00002d43  I2CMasterBusy                  
00002d4b  I2CMasterSlaveAddrSet          
00002d5b  GPIOPinWrite                   
00002d61  ResetISR                       
00002d67  UARTClockSourceSet             
00002d6d  vListInitialiseItem            
00002d73  I2CMasterControl               
00002d77  I2CMasterDataGet               
00002d7b  I2CMasterDataPut               
00002d7f  _system_pre_init               
00002d83  C$$EXIT                        
00002d83  abort                          
00003090  ulMaxSyscallInterruptPriority  
00003098  __TI_Handler_Table_Base        
000030a4  __TI_Handler_Table_Limit       
000030b8  __TI_CINIT_Base                
000030c8  __TI_CINIT_Limit               
00004000  __STACK_SIZE                   
200105c0  xQueueRegistry                 
200106b8  START                          
200106bc  g_ui32SysClock                 
200106c0  g_vulRunTimeStatsCountValue    
200106c4  led_timer_flag                 
200106c8  temp_timer_flag                
200106cc  xHandle_alert                  
200106d0  xQueue                         
200106d8  __stack                        
200146d8  __STACK_END                    
200146d8  __STACK_TOP                    
200146d8  pxCurrentTCB                   
ffffffff  __TI_pprof_out_hndl            
ffffffff  __TI_prof_data_size            
ffffffff  __TI_prof_data_start           
ffffffff  __binit__                      
ffffffff  __c_args__                     
ffffffff  binit                          
UNDEFED   __mpu_init                     
UNDEFED   _system_post_cinit             

[142 symbols]
